-0.28136776638657324 0.22587721412294748 0.20236627440642874 -0.035573720040205536 -0.20860218910895867 -0.20082808722206025 -0.07805301242186857 0.06132975196342727 0.23192357147762266
-0.08080250397115307 0.2691603291649187 0.20203380101022983 0.03896252315764581 -0.023864369759271753 0.015633841812217497 0.04437168298071015 -0.0342376354799967 -0.24648452911179675
-0.25273397053075186 -0.05819509383943 -0.0971220106409616 -0.09093464958424669 0.02445962012457592 0.13977193368766905 0.16718562887122346 0.1021953548630492 -0.0682897463065899
0.3088470269798371 0.12333318938003934 -0.08692263373913356 -0.11801757047169792 -0.03520585681634003 -0.0130299092845938 -0.0683175126021105 -0.08293951805143962 -0.036042883032529005
0.07927468066666243 -0.07275043666727754 -0.15136594931930336 -0.054986003200387046 0.08050682774860718 0.09474169103538621 0.01550599682421705 0.026119184569108 0.17966484687165973
-0.21531118471947508 -0.13255767466818824 -0.05805950904878188 0.021548367928250656 0.056388617123167784 0.051442142959908566 -0.00714935894614932 -0.04092448861257658 -0.01894568876895164
0.19572328478196255 0.3212946343585905 0.34808722001848125 0.20033896916547 -0.041906701273942026 -0.13092705946399041 -0.1273225961823015 -0.1441037742464104 -0.21606475159055205
-0.4565263260636101 -0.30756930225690127 -0.08358241421707646 -0.015023325800218146 -0.10347652570388988 -0.04077996545575513 0.12570359468590286 0.243307922791427 0.295821962221563
0.43304603593491464 -0.08065528976083414 -0.07464394279211817 0.03873383445908729 0.011008689695342966 0.011644362272570208 0.0013459747672834865 -0.07926989159603792 -0.13442004214416414
